// Jest Snapshot v1, https://goo.gl/fbAQLP

exports[`App should render correctly 1`] = `
<ContextProvider
  value={null}
>
  <App
    dispatch={[Function]}
    loading={
      Object {
        "productionTypes": false,
      }
    }
    productionTypes={Array []}
    store={
      Object {
        "dispatch": [Function],
        "getState": [Function],
        "replaceReducer": [Function],
        "subscribe": [Function],
        Symbol(observable): [Function],
      }
    }
  />
</ContextProvider>
`;
